BL51 BANKED LINKER/LOCATER V6.22                                                        05/04/2022  19:20:44  PAGE 1


BL51 BANKED LINKER/LOCATER V6.22, INVOKED BY:
D:\WORK-SOFTWARE\KEIL5\C51\BIN\BL51.EXE .\Objects\example.obj TO .\Objects\test PRINT (.\Listings\test.m51)


INPUT MODULES INCLUDED:
  .\Objects\example.obj (EXAMPLE)


LINK MAP OF MODULE:  .\Objects\test (EXAMPLE)


            TYPE    BASE      LENGTH    RELOCATION   SEGMENT NAME
            -----------------------------------------------------

            * * * * * * *   D A T A   M E M O R Y   * * * * * * *
            REG     0000H     0008H     ABSOLUTE     "REG BANK 0"

            * * * * * * *   C O D E   M E M O R Y   * * * * * * *
            CODE    0000H     0047H     ABSOLUTE     



SYMBOL TABLE OF MODULE:  .\Objects\test (EXAMPLE)

  VALUE           TYPE          NAME
  ----------------------------------

  -------         MODULE        EXAMPLE
  C:0042H         SYMBOL        LOOP
  C:0040H         SYMBOL        MAIN
  D:0090H         SYMBOL        P1
  C:0000H         LINE#         2
  C:0040H         LINE#         4
  C:0042H         LINE#         5
  C:0044H         LINE#         6
  C:0045H         LINE#         7
  -------         ENDMOD        EXAMPLE

Program Size: data=8.0 xdata=0 code=71
LINK/LOCATE RUN COMPLETE.  0 WARNING(S),  0 ERROR(S)
